// Bun Snapshot v1, https://bun.sh/docs/test/snapshots

exports[`Onboarding — direct pipa-consent renders PIPAConsentStep when startStep="pipa-consent" 1`] = `
" 개인정보 활용 동의 (v1)
 개인정보 보호법 § 26 수탁자 고지

 KOSMOS는 아래 부처 공개 API를 호출해 답변을 돕는 수탁자입니다.
 요청 내용과 응답 메타데이터는 세션 중에만 메모리에서 처리됩니다.

 데이터 수신 부처:
   • 한국도로공사 (KOROAD)
   • 기상청 (KMA)
   • 건강보험심사평가원 (HIRA)
   • 국립중앙의료원 (NMC)

 현재 인증 단계: 기본 인증 단계 (AAL1)

 Enter: 동의하고 계속  ·  Esc: 동의하지 않고 종료"
`;

exports[`Onboarding — direct ministry-scope-ack renders MinistryScopeStep when startStep="ministry-scope-ack" 1`] = `
" 부처 API 사용 동의 (v1)
 KOSMOS가 호출할 수 있는 공개 API 부처를 선택하세요.

 [선택] ▶ ☑ 한국도로공사 (KOROAD) — 교통사고 잦은 곳, 도로 안전 정보
         ☑ 기상청 (KMA) — 기상 예보, 특보, 실황
         ☑ 건강보험심사평가원 (HIRA) — 병원·의원 검색, 진료과목 조회
         ☑ 국립중앙의료원 (NMC) — 응급실 실시간 가용 현황

 ↑↓: 이동  ·  Space: 토글  ·  Enter: 확인하고 계속  ·  Esc: 종료"
`;

exports[`Onboarding — initial splash renders the LogoV2 splash when no memdir state is supplied 1`] = `
"                     Welcome to KOSMOS vunknown
                     …………………………………………………………………………………………………………………………………………………………
                     *                                       █████▓▓░
                     *         ███▓░     ░░               ░░░░░░
                     ███▓░               ░░░   ░░░░░░░░░░
                     ███▓░            *                                 ░░░░
                     ░░░░░░░░
                     ░░░░░░░░░░░░░░░░
                     *         ▗ ▗     ▖ ▖                       *
                     *                                   …………………
                     ………………………………………………………………………………………………………………

                                 계속하려면 Enter  ·  종료하려면 Esc"
`;
