// Bun Snapshot v1, https://bun.sh/docs/test/snapshots

exports[`PIPAConsentStep — initial render renders consent version, § 26 summary, ministries, and AAL label 1`] = `
" 개인정보 활용 동의 (v1)
 개인정보 보호법 § 26 수탁자 고지

 KOSMOS는 아래 부처 공개 API를 호출해 답변을 돕는 수탁자입니다.
 요청 내용과 응답 메타데이터는 세션 중에만 메모리에서 처리됩니다.

 데이터 수신 부처:
   • 한국도로공사 (KOROAD)
   • 기상청 (KMA)
   • 건강보험심사평가원 (HIRA)
   • 국립중앙의료원 (NMC)

 현재 인증 단계: 기본 인증 단계 (AAL1)

 Enter: 동의하고 계속  ·  Esc: 동의하지 않고 종료"
`;

exports[`PIPAConsentStep — accept branch calls writeRecord and onAdvance exactly once on Enter 1`] = `
" 개인정보 활용 동의 (v1)
 개인정보 보호법 § 26 수탁자 고지

 KOSMOS는 아래 부처 공개 API를 호출해 답변을 돕는 수탁자입니다.
 요청 내용과 응답 메타데이터는 세션 중에만 메모리에서 처리됩니다.

 데이터 수신 부처:
   • 한국도로공사 (KOROAD)
   • 기상청 (KMA)
   • 건강보험심사평가원 (HIRA)
   • 국립중앙의료원 (NMC)

 현재 인증 단계: 기본 인증 단계 (AAL1)

 Enter: 동의하고 계속  ·  Esc: 동의하지 않고 종료"
`;

exports[`PIPAConsentStep — decline branch calls onExit once and writeRecord zero times on Escape 1`] = `
" 개인정보 활용 동의 (v1)
 개인정보 보호법 § 26 수탁자 고지

 KOSMOS는 아래 부처 공개 API를 호출해 답변을 돕는 수탁자입니다.
 요청 내용과 응답 메타데이터는 세션 중에만 메모리에서 처리됩니다.

 데이터 수신 부처:
   • 한국도로공사 (KOROAD)
   • 기상청 (KMA)
   • 건강보험심사평가원 (HIRA)
   • 국립중앙의료원 (NMC)

 현재 인증 단계: 기본 인증 단계 (AAL1)

 Enter: 동의하고 계속  ·  Esc: 동의하지 않고 종료"
`;
