// Bun Snapshot v1, https://bun.sh/docs/test/snapshots

exports[`PointCard renders title, subtitle, and fields 1`] = `
"╭──────────────────────────────────────────────────────────────────────────────────────────────────╮
│ Gangnam-gu Intersection Hazard Zone                                                              │
│ Seoul Metropolitan City                                                                          │
│                                                                                                  │
│ Hazard Level: HIGH                                                                               │
│ Road Type: Urban Expressway                                                                      │
│ Accident Count (2025): 42                                                                        │
│ Speed Limit: 60 km/h                                                                             │
╰──────────────────────────────────────────────────────────────────────────────────────────────────╯"
`;

exports[`TimeseriesTable renders header and data rows 1`] = `
"┌──────────────────────────────────────────────────────────────────────────────────────────────────┐
│ Timestamp               Value (°C)                                                               │
│ 2026-04-19T00:00:00Z    12.3                                                                     │
│ 2026-04-19T03:00:00Z    11.1                                                                     │
│ 2026-04-19T06:00:00Z    10.4                                                                     │
│ 2026-04-19T09:00:00Z    14.7                                                                     │
│ 2026-04-19T12:00:00Z    18.2                                                                     │
│ 2026-04-19T15:00:00Z    19.5                                                                     │
│ 2026-04-19T18:00:00Z    17.3                                                                     │
│ 2026-04-19T21:00:00Z    14.8                                                                     │
└──────────────────────────────────────────────────────────────────────────────────────────────────┘"
`;

exports[`CollectionList renders indexed items with metadata 1`] = `
"   1. Seoul National University Hospital General Hospital · 02-2072-2114
   2. Severance Hospital General Hospital · 02-2228-0114
   3. Asan Medical Center General Hospital · 02-3010-3114
   4. Samsung Medical Center General Hospital · 02-3410-0200
   5. Kangbuk Samsung Hospital General Hospital · 02-2001-2001"
`;

exports[`DetailView renders all key/value pairs 1`] = `
"┌──────────────────────────────────────────────────────────────────────────────────────────────────┐
│ Hospital Name          Seoul Emergency Medical Center                                            │
│ Emergency Level        Level 1 (Regional)                                                        │
│ Address                110, Sejong-daero, Jung-gu, Seoul                                         │
│ Phone                  02-1339                                                                   │
│ Bed Availability       8 beds available                                                          │
│ Wait Time              ~15 minutes                                                               │
│ Open Hours             24/7                                                                      │
└──────────────────────────────────────────────────────────────────────────────────────────────────┘"
`;

exports[`ErrorBanner (lookup) renders error title, description, and retry hint 1`] = `
"╭──────────────────────────────────────────────────────────────────────────────────────────────────╮
│ ✘ Search Failed                                                                                  │
│ The data.go.kr endpoint returned HTTP 503 (Service Unavailable).                                 │
│ Hint: Try again in 30 seconds. The API is rate-limited to 1000 req/day.                          │
╰──────────────────────────────────────────────────────────────────────────────────────────────────╯"
`;
