// Bun Snapshot v1, https://bun.sh/docs/test/snapshots

exports[`CoordPill renders lat/lon with degree symbols 1`] = `"[GPS] 37.566826°N / 126.978656°E"`;

exports[`AdmCodeBadge renders ADM code and name 1`] = `"[ADM] 1168010600 서울특별시 강남구 대치2동"`;

exports[`AddressBlock renders road, parcel, detail, and zip 1`] = `
" [Address]
 Road 서울특별시 강남구 테헤란로 152
 Parcel 서울특별시 강남구 역삼동 649
 Detail 강남파이낸스센터 10층
 ZIP 06236"
`;

exports[`POIMarker renders POI name, category, and source 1`] = `
" ● 강남역
 Category: 지하철역
 Source: kakao_local"
`;
