// Bun Snapshot v1, https://bun.sh/docs/test/snapshots

exports[`SubmitReceipt renders confirmation id, timestamp, and mock chip 1`] = `
"╭──────────────────────────────────────────────────────────────────────────────────────────────────╮
│ ✔ Submitted [MOCK: tee_bound]                                                                    │
│ ID MWON-2026-0419-00001234                                                                       │
│ Time 2026-04-19T00:00:00.000Z                                                                    │
│ Family submit_application                                                                        │
│ Application for civil registration certificate submitted successfully. Expected processing time: │
│ 3 business days.                                                                                 │
╰──────────────────────────────────────────────────────────────────────────────────────────────────╯"
`;

exports[`SubmitErrorBanner renders error code, message, and retry hint 1`] = `
"╭──────────────────────────────────────────────────────────────────────────────────────────────────╮
│ ✘ Submit failed [AUTH_REQUIRED]                                                                  │
│ This application requires authenticated identity verification (AAL2+). Please complete PASS or   │
│ GongdongInjeungseo verification first.                                                           │
│ Retry: Use /verify to authenticate, then retry the submission.                                   │
╰──────────────────────────────────────────────────────────────────────────────────────────────────╯"
`;
