// Bun Snapshot v1, https://bun.sh/docs/test/snapshots

exports[`AuthContextCard renders identity label, korea_tier as primary label, and NIST hint 1`] = `
"╭──────────────────────────────────────────────────────────────────────────────────────────────────╮
│ ✔ Verified                                                                                       │
│ Identity 홍길동 (주민등록번호 끝 2자리: 84)                                                      │
│ Level AAL2                                                                                       │
│ NIST NIST SP 800-63B AAL2                                                                        │
│ Family digital_onepass                                                                           │
╰──────────────────────────────────────────────────────────────────────────────────────────────────╯"
`;

exports[`AuthWarningBanner renders korea_tier, error code, message, and remediation 1`] = `
"╭──────────────────────────────────────────────────────────────────────────────────────────────────╮
│ ✘ Verification failed [CERT_EXPIRED]                                                             │
│ Level AAL1                                                                                       │
│ The presented certificate has expired. Verification cannot be completed.                         │
│ Action: Renew your GongdongInjeungseo at the nearest community service center or online at       │
│ gov.kr.                                                                                          │
╰──────────────────────────────────────────────────────────────────────────────────────────────────╯"
`;
