// Bun Snapshot v1, https://bun.sh/docs/test/snapshots

exports[`LogoV2 snapshot matrix case 80-cols-shimmer renders deterministically at 80 cols (reduced-motion=false) 1`] = `
"                                            ╭─ orbital ─╮
                                              │   *   │
                                            ╰───────────╯

                                               KOSMOS
                            KOREAN PUBLIC SERVICE MULTI-AGENT OS · v0.0.0

                                     ●KOROAD  ●KMA  ●HIRA  ●NMC

                              최근 세션                     부처 상태
                              교통 사고 다발 2026-04-20     한국도로공 ●
                              구간           14:32          사
                              오늘 날씨 2026-04-20 09:11    기상청 ●
                                                            건강보험심 ○
                                                            사평가원

                                                            국립중앙의 ●
                                                            료원"
`;

exports[`LogoV2 snapshot matrix case 80-cols-reduced-motion renders deterministically at 80 cols (reduced-motion=true) 1`] = `
"                                            ╭───────────╮
                                              │   *   │
                                            ╰───────────╯

                                               KOSMOS
                            KOREAN PUBLIC SERVICE MULTI-AGENT OS · v0.0.0

                                     ●KOROAD  ●KMA  ●HIRA  ●NMC

                              최근 세션                     부처 상태
                              교통 사고 다발 2026-04-20     한국도로공 ●
                              구간           14:32          사
                              오늘 날씨 2026-04-20 09:11    기상청 ●
                                                            건강보험심 ○
                                                            사평가원

                                                            국립중앙의 ●
                                                            료원"
`;

exports[`LogoV2 snapshot matrix case 60-cols-shimmer renders deterministically at 60 cols (reduced-motion=false) 1`] = `"* KOSMOS — K-EXAONE · normal · default"`;

exports[`LogoV2 snapshot matrix case 60-cols-reduced-motion renders deterministically at 60 cols (reduced-motion=true) 1`] = `"* KOSMOS — K-EXAONE · normal · default"`;

exports[`LogoV2 snapshot matrix case 45-cols-shimmer renders deterministically at 45 cols (reduced-motion=false) 1`] = `"KOSMOS — 한국 공공서비스 대화창"`;

exports[`LogoV2 snapshot matrix case 45-cols-reduced-motion renders deterministically at 45 cols (reduced-motion=true) 1`] = `"KOSMOS — 한국 공공서비스 대화창"`;
