// Bun Snapshot v1, https://bun.sh/docs/test/snapshots

exports[`WelcomeV2 renders the Korean welcome header + kosmosCore cluster (shimmer on) 1`] = `
"                               KOSMOS에 오신 것을 환영합니다  v0.1.0
                                   ──────────────────────────────
                                               *  *  *
                                              *  ●  *
                                               *  *  *"
`;

exports[`WelcomeV2 renders identically under reduced-motion 1`] = `
"                               KOSMOS에 오신 것을 환영합니다  v0.1.0
                                   ──────────────────────────────
                                               *  *  *
                                              *  ●  *
                                               *  *  *"
`;
